// Jest Snapshot v1, https://goo.gl/fbAQLP

exports[`render AnswerArtist renders AnswerArtist 1`] = `
<div
  className="artist"
>
  <input
    className="artist__input visually-hidden"
    id="answer-1"
    name="answer"
    onChange={[Function]}
    type="radio"
    value="artist-1"
  />
  <label
    className="artist__name"
    htmlFor="answer-1"
  >
    <img
      alt="John Snow"
      className="artist__picture"
      src="https://api.adorable.io/avatars/128/10"
    />
    John Snow
  </label>
</div>
`;
